[theseniorsurvey2024.insightiitb.org/index.html]
[theseniorsurvey2024.insightiitb.org/index.css]
[backblue.gif]
[fade.gif]
[index.html]
[theseniorsurvey2024.insightiitb.org/images/favicon.png]
[theseniorsurvey2024.insightiitb.org/images/logo.png]
[theseniorsurvey2024.insightiitb.org/Academics.html]
[theseniorsurvey2024.insightiitb.org/Career.html]
[theseniorsurvey2024.insightiitb.org/Personal.html]
[theseniorsurvey2024.insightiitb.org/Miscellaneous.html]
[theseniorsurvey2024.insightiitb.org/images/ss.png]
[theseniorsurvey2024.insightiitb.org/images/home.png]
[theseniorsurvey2024.insightiitb.org/images/acads.png]
[theseniorsurvey2024.insightiitb.org/images/careerIllustration.png]
[theseniorsurvey2024.insightiitb.org/images/perosnalIllustration.png]
[theseniorsurvey2024.insightiitb.org/images/MiscellaneousIllustration.png]
[theseniorsurvey2024.insightiitb.org/index.js]
[theseniorsurvey2024.insightiitb.org/index.html]
[theseniorsurvey2024.insightiitb.org/index.css]
[theseniorsurvey2024.insightiitb.org/academics.css]
[theseniorsurvey2024.insightiitb.org/images/acads with text.png]
[cdn.jsdelivr.net/npm/chart.js@4.4.2/dist/chart.umd.min.js]
[theseniorsurvey2024.insightiitb.org/Charts/Acads1.js]
[theseniorsurvey2024.insightiitb.org/Charts/Acads2.js]
[theseniorsurvey2024.insightiitb.org/Charts/Acads7.js]
[theseniorsurvey2024.insightiitb.org/Charts/Acads9.js]
[theseniorsurvey2024.insightiitb.org/Charts/Acads10.js]
[theseniorsurvey2024.insightiitb.org/Charts/Acads11.js]
[theseniorsurvey2024.insightiitb.org/Charts/Acads12.js]
[theseniorsurvey2024.insightiitb.org/Charts/Acads13.js]
[theseniorsurvey2024.insightiitb.org/Academics.html]
[theseniorsurvey2024.insightiitb.org/CHARTS.JS/acads.js]
[theseniorsurvey2024.insightiitb.org/career.css]
[theseniorsurvey2024.insightiitb.org/images/career with text.png]
[theseniorsurvey2024.insightiitb.org/Charts/Career1.js]
[theseniorsurvey2024.insightiitb.org/Charts/Career2.js]
[theseniorsurvey2024.insightiitb.org/Charts/Career4.js]
[theseniorsurvey2024.insightiitb.org/Charts/Career5.js]
[theseniorsurvey2024.insightiitb.org/Charts/Career7.js]
[theseniorsurvey2024.insightiitb.org/Charts/Career8.js]
[theseniorsurvey2024.insightiitb.org/Charts/Career9.js]
[theseniorsurvey2024.insightiitb.org/Charts/Career10.js]
[theseniorsurvey2024.insightiitb.org/Charts/Career11.js]
[theseniorsurvey2024.insightiitb.org/Charts/Career12.js]
[theseniorsurvey2024.insightiitb.org/Charts/Career13.js]
[theseniorsurvey2024.insightiitb.org/Charts/Career16.js]
[theseniorsurvey2024.insightiitb.org/Charts/Career17.js]
[theseniorsurvey2024.insightiitb.org/Charts/Career18.js]
[theseniorsurvey2024.insightiitb.org/CHARTS.JS/career.js]
[theseniorsurvey2024.insightiitb.org/Career.html]
[theseniorsurvey2024.insightiitb.org/personal.css]
[theseniorsurvey2024.insightiitb.org/images/personal with text.png]
[theseniorsurvey2024.insightiitb.org/Charts/pers1.js]
[theseniorsurvey2024.insightiitb.org/Charts/pers2.js]
[theseniorsurvey2024.insightiitb.org/Charts/pers3.js]
[theseniorsurvey2024.insightiitb.org/Charts/pers5.js]
[theseniorsurvey2024.insightiitb.org/Charts/pers6.js]
[theseniorsurvey2024.insightiitb.org/Charts/pers7.js]
[theseniorsurvey2024.insightiitb.org/Charts/pers8.js]
[theseniorsurvey2024.insightiitb.org/Charts/pers9.js]
[theseniorsurvey2024.insightiitb.org/Charts/pers10.js]
[theseniorsurvey2024.insightiitb.org/Charts/pers11.js]
[theseniorsurvey2024.insightiitb.org/Charts/pers12.js]
[theseniorsurvey2024.insightiitb.org/Charts/pers19.js]
[theseniorsurvey2024.insightiitb.org/Charts/pers20.js]
[theseniorsurvey2024.insightiitb.org/CHARTS.JS/personal.js]
[theseniorsurvey2024.insightiitb.org/Personal.html]
[theseniorsurvey2024.insightiitb.org/miscellaneous.css]
[theseniorsurvey2024.insightiitb.org/images/misc with text.png]
[theseniorsurvey2024.insightiitb.org/Charts/mis2.js]
[cdn.jsdelivr.net/npm/chart.js@4.4.2/dis        t/chart.umd.min.3f.delayed]
[theseniorsurvey2024.insightiitb.org/Charts/mis3.js]
[theseniorsurvey2024.insightiitb.org/Charts/mis5.js]
[theseniorsurvey2024.insightiitb.org/Charts/mis6.js]
[theseniorsurvey2024.insightiitb.org/Charts/mis7.js]
[theseniorsurvey2024.insightiitb.org/CHARTS.JS/miscellaneous.js]
[theseniorsurvey2024.insightiitb.org/Miscellaneous.html]
[theseniorsurvey2024.insightiitb.org/academics.css]
[theseniorsurvey2024.insightiitb.org/career.css]
[theseniorsurvey2024.insightiitb.org/personal.css]
[theseniorsurvey2024.insightiitb.org/miscellaneous.css]
[cdn.jsdelivr.net/npm/chart.js@4.4.2/dis        t/chart.umd.min.js]
